Archive member included to satisfy reference by file (symbol)

c:/nxp/mcuxpressoide_10.2.1_795/ide/tools/bin/../lib/gcc/arm-none-eabi/7.2.1/../../../../arm-none-eabi/lib/thumb/v6-m\libcr_nohost_nf.a(_cr__main.o)
                              ./startup/startup_mkl25z4.o (__main)
c:/nxp/mcuxpressoide_10.2.1_795/ide/tools/bin/../lib/gcc/arm-none-eabi/7.2.1/../../../../arm-none-eabi/lib/thumb/v6-m\libcr_c.a(memcpy.o)
                              ./drivers/fsl_flash.o (memcpy)
c:/nxp/mcuxpressoide_10.2.1_795/ide/tools/bin/../lib/gcc/arm-none-eabi/7.2.1/../../../../arm-none-eabi/lib/thumb/v6-m\libcr_c.a(memset.o)
                              ./drivers/fsl_flash.o (memset)
c:/nxp/mcuxpressoide_10.2.1_795/ide/tools/bin/../lib/gcc/arm-none-eabi/7.2.1/../../../../arm-none-eabi/lib/thumb/v6-m\libcr_c.a(initio.o)
                              c:/nxp/mcuxpressoide_10.2.1_795/ide/tools/bin/../lib/gcc/arm-none-eabi/7.2.1/../../../../arm-none-eabi/lib/thumb/v6-m\libcr_nohost_nf.a(_cr__main.o) (_initio)
c:/nxp/mcuxpressoide_10.2.1_795/ide/tools/bin/../lib/gcc/arm-none-eabi/7.2.1/../../../../arm-none-eabi/lib/thumb/v6-m\libcr_c.a(setvbuf.o)
                              c:/nxp/mcuxpressoide_10.2.1_795/ide/tools/bin/../lib/gcc/arm-none-eabi/7.2.1/../../../../arm-none-eabi/lib/thumb/v6-m\libcr_c.a(initio.o) (setvbuf)
c:/nxp/mcuxpressoide_10.2.1_795/ide/tools/bin/../lib/gcc/arm-none-eabi/7.2.1/../../../../arm-none-eabi/lib/thumb/v6-m\libcr_c.a(strlen.o)
                              ./utilities/fsl_debug_console.o (strlen)
c:/nxp/mcuxpressoide_10.2.1_795/ide/tools/bin/../lib/gcc/arm-none-eabi/7.2.1/../../../../arm-none-eabi/lib/thumb/v6-m\libcr_c.a(_fdopen.o)
                              c:/nxp/mcuxpressoide_10.2.1_795/ide/tools/bin/../lib/gcc/arm-none-eabi/7.2.1/../../../../arm-none-eabi/lib/thumb/v6-m\libcr_c.a(initio.o) (_fdopen)
c:/nxp/mcuxpressoide_10.2.1_795/ide/tools/bin/../lib/gcc/arm-none-eabi/7.2.1/../../../../arm-none-eabi/lib/thumb/v6-m\libcr_c.a(fclose.o)
                              c:/nxp/mcuxpressoide_10.2.1_795/ide/tools/bin/../lib/gcc/arm-none-eabi/7.2.1/../../../../arm-none-eabi/lib/thumb/v6-m\libcr_c.a(initio.o) (fclose)
c:/nxp/mcuxpressoide_10.2.1_795/ide/tools/bin/../lib/gcc/arm-none-eabi/7.2.1/../../../../arm-none-eabi/lib/thumb/v6-m\libcr_c.a(fflush.o)
                              c:/nxp/mcuxpressoide_10.2.1_795/ide/tools/bin/../lib/gcc/arm-none-eabi/7.2.1/../../../../arm-none-eabi/lib/thumb/v6-m\libcr_c.a(fclose.o) (fflush)
c:/nxp/mcuxpressoide_10.2.1_795/ide/tools/bin/../lib/gcc/arm-none-eabi/7.2.1/../../../../arm-none-eabi/lib/thumb/v6-m\libcr_c.a(fseek.o)
                              c:/nxp/mcuxpressoide_10.2.1_795/ide/tools/bin/../lib/gcc/arm-none-eabi/7.2.1/../../../../arm-none-eabi/lib/thumb/v6-m\libcr_c.a(_fdopen.o) (fseek)
c:/nxp/mcuxpressoide_10.2.1_795/ide/tools/bin/../lib/gcc/arm-none-eabi/7.2.1/../../../../arm-none-eabi/lib/thumb/v6-m\libcr_c.a(ftell.o)
                              c:/nxp/mcuxpressoide_10.2.1_795/ide/tools/bin/../lib/gcc/arm-none-eabi/7.2.1/../../../../arm-none-eabi/lib/thumb/v6-m\libcr_c.a(fseek.o) (ftell)
c:/nxp/mcuxpressoide_10.2.1_795/ide/tools/bin/../lib/gcc/arm-none-eabi/7.2.1/../../../../arm-none-eabi/lib/thumb/v6-m\libcr_c.a(remove.o)
                              c:/nxp/mcuxpressoide_10.2.1_795/ide/tools/bin/../lib/gcc/arm-none-eabi/7.2.1/../../../../arm-none-eabi/lib/thumb/v6-m\libcr_c.a(fclose.o) (remove)
c:/nxp/mcuxpressoide_10.2.1_795/ide/tools/bin/../lib/gcc/arm-none-eabi/7.2.1/../../../../arm-none-eabi/lib/thumb/v6-m\libcr_c.a(_do_fflush.o)
                              c:/nxp/mcuxpressoide_10.2.1_795/ide/tools/bin/../lib/gcc/arm-none-eabi/7.2.1/../../../../arm-none-eabi/lib/thumb/v6-m\libcr_c.a(fflush.o) (_do_fflush)
c:/nxp/mcuxpressoide_10.2.1_795/ide/tools/bin/../lib/gcc/arm-none-eabi/7.2.1/../../../../arm-none-eabi/lib/thumb/v6-m\libcr_c.a(_fflush.o)
                              c:/nxp/mcuxpressoide_10.2.1_795/ide/tools/bin/../lib/gcc/arm-none-eabi/7.2.1/../../../../arm-none-eabi/lib/thumb/v6-m\libcr_c.a(_do_fflush.o) (_fflush)
c:/nxp/mcuxpressoide_10.2.1_795/ide/tools/bin/../lib/gcc/arm-none-eabi/7.2.1/../../../../arm-none-eabi/lib/thumb/v6-m\libcr_c.a(_writebuf.o)
                              c:/nxp/mcuxpressoide_10.2.1_795/ide/tools/bin/../lib/gcc/arm-none-eabi/7.2.1/../../../../arm-none-eabi/lib/thumb/v6-m\libcr_c.a(_fflush.o) (_Cwritebuf)
c:/nxp/mcuxpressoide_10.2.1_795/ide/tools/bin/../lib/gcc/arm-none-eabi/7.2.1/../../../../arm-none-eabi/lib/thumb/v6-m\libcr_c.a(alloc.o)
                              c:/nxp/mcuxpressoide_10.2.1_795/ide/tools/bin/../lib/gcc/arm-none-eabi/7.2.1/../../../../arm-none-eabi/lib/thumb/v6-m\libcr_c.a(fclose.o) (free)
c:/nxp/mcuxpressoide_10.2.1_795/ide/tools/bin/../lib/gcc/arm-none-eabi/7.2.1/../../../../arm-none-eabi/lib/thumb/v6-m\libcr_c.a(errno.o)
[...]
Memory Configuration

Name             Origin             Length             Attributes
PROGRAM_FLASH    0x00000000         0x00020000         xr
SRAM             0x1ffff000         0x00004000         xrw
*default*        0x00000000         0xffffffff

Linker script and memory map

LOAD ./utilities/fsl_debug_console.o
LOAD ./startup/startup_mkl25z4.o
LOAD ./source/hello_world.o
LOAD ./source/mtb.o
LOAD ./source/semihost_hardfault.o
LOAD ./drivers/fsl_clock.o
LOAD ./drivers/fsl_common.o
LOAD ./drivers/fsl_flash.o
LOAD ./drivers/fsl_gpio.o
LOAD ./drivers/fsl_lpsci.o
LOAD ./drivers/fsl_smc.o
LOAD ./drivers/fsl_uart.o
LOAD ./board/board.o
LOAD ./board/clock_config.o
LOAD ./board/peripherals.o
LOAD ./board/pin_mux.o
LOAD ./CMSIS/system_MKL25Z4.o
START GROUP
LOAD c:/nxp/mcuxpressoide_10.2.1_795/ide/tools/bin/../lib/gcc/arm-none-eabi/7.2.1/../../../../arm-none-eabi/lib/thumb/v6-m\libcr_nohost_nf.a
LOAD c:/nxp/mcuxpressoide_10.2.1_795/ide/tools/bin/../lib/gcc/arm-none-eabi/7.2.1/../../../../arm-none-eabi/lib/thumb/v6-m\libcr_c.a
LOAD c:/nxp/mcuxpressoide_10.2.1_795/ide/tools/bin/../lib/gcc/arm-none-eabi/7.2.1/thumb/v6-m\libcr_eabihelpers.a
END GROUP
                0x00000000                __base_PROGRAM_FLASH = 0x0
                0x00000000                __base_Flash = 0x0
                0x00020000                __top_PROGRAM_FLASH = 0x20000
                0x00020000                __top_Flash = 0x20000
                0x1ffff000                __base_SRAM = 0x1ffff000
                0x1ffff000                __base_RAM = 0x1ffff000
                0x20003000                __top_SRAM = 0x20003000
                0x20003000                __top_RAM = 0x20003000

.text           0x00000000     0x2f8c
 FILL mask 0xff
                0x00000000                __vectors_start__ = ABSOLUTE (.)
 *(.isr_vector)
 .isr_vector    0x00000000       0xc0 ./startup/startup_mkl25z4.o
                0x00000000                g_pfnVectors
                0x00000000                __Vectors
                0x000000c0                . = ALIGN (0x4)
                0x000000c0                __section_table_start = .
                0x000000c0                __data_section_table = .
                0x000000c0        0x4 LONG 0x2f8c LOADADDR (.data)
                0x000000c4        0x4 LONG 0x1ffff080 ADDR (.data)
                0x000000c8        0x4 LONG 0x8 SIZEOF (.data)
                0x000000cc                __data_section_table_end = .
                0x000000cc                __bss_section_table = .
                0x000000cc        0x4 LONG 0x1ffff088 ADDR (.bss)
                0x000000d0        0x4 LONG 0xe4 SIZEOF (.bss)
                0x000000d4                __bss_section_table_end = .
                0x000000d4                __section_table_end = .
 *(.after_vectors*)
 .after_vectors.init_data
                0x000000d4       0x16 ./startup/startup_mkl25z4.o
                0x000000d4                data_init
 .after_vectors.init_bss
                0x000000ea       0x12 ./startup/startup_mkl25z4.o
                0x000000ea                bss_init
 .after_vectors.reset
                0x000000fc       0x4c ./startup/startup_mkl25z4.o
                0x000000fc                ResetISR
 .after_vectors
                0x00000148      0x10c ./startup/startup_mkl25z4.o
                0x00000148                NMI_Handler
                0x0000014c                SVC_Handler
                0x0000014e                PendSV_Handler
                0x00000150                SysTick_Handler
                0x00000152                LPTMR0_DriverIRQHandler
                0x00000152                Reserved39_DriverIRQHandler
                0x00000152                DMA0_DriverIRQHandler
                0x00000152                SPI1_DriverIRQHandler
                0x00000152                I2C0_DriverIRQHandler
                0x00000152                PORTD_DriverIRQHandler
                0x00000152                DMA2_DriverIRQHandler
                0x00000152                CMP0_DriverIRQHandler
                0x00000152                TPM2_DriverIRQHandler
                0x00000152                ADC0_DriverIRQHandler
                0x00000152                SPI0_DriverIRQHandler
                0x00000152                TSI0_DriverIRQHandler
                0x00000152                RTC_Seconds_DriverIRQHandler
                0x00000152                I2C1_DriverIRQHandler
                0x00000152                DMA1_DriverIRQHandler
                0x00000152                LLWU_DriverIRQHandler
                0x00000152                MCG_DriverIRQHandler
                0x00000152                PIT_DriverIRQHandler
                0x00000152                RTC_DriverIRQHandler
                0x00000152                TPM1_DriverIRQHandler
                0x00000152                FTFA_DriverIRQHandler
                0x00000152                IntDefaultHandler
                0x00000152                USB0_DriverIRQHandler
                0x00000152                DAC0_DriverIRQHandler
                0x00000152                PORTA_DriverIRQHandler
                0x00000152                LVD_LVW_DriverIRQHandler
                0x00000152                TPM0_DriverIRQHandler
                0x00000152                Reserved45_DriverIRQHandler
                0x00000152                DMA3_DriverIRQHandler
                0x00000152                Reserved20_DriverIRQHandler
                0x00000154                DMA0_IRQHandler
                0x0000015c                DMA1_IRQHandler
                0x00000164                DMA2_IRQHandler
                0x0000016c                DMA3_IRQHandler
                0x00000174                Reserved20_IRQHandler
                0x0000017c                FTFA_IRQHandler
                0x00000184                LVD_LVW_IRQHandler
                0x0000018c                LLWU_IRQHandler
                0x00000194                I2C0_IRQHandler
                0x0000019c                I2C1_IRQHandler
                0x000001a4                SPI0_IRQHandler
                0x000001ac                SPI1_IRQHandler
                0x000001b4                UART0_IRQHandler
                0x000001bc                UART1_IRQHandler
                0x000001c4                UART2_IRQHandler
                0x000001cc                ADC0_IRQHandler
                0x000001d4                CMP0_IRQHandler
                0x000001dc                TPM0_IRQHandler
                0x000001e4                TPM1_IRQHandler
                0x000001ec                TPM2_IRQHandler
                0x000001f4                RTC_IRQHandler
                0x000001fc                RTC_Seconds_IRQHandler
                0x00000204                PIT_IRQHandler
                0x0000020c                Reserved39_IRQHandler
                0x00000214                USB0_IRQHandler
                0x0000021c                DAC0_IRQHandler
                0x00000224                TSI0_IRQHandler
                0x0000022c                MCG_IRQHandler
                0x00000234                LPTMR0_IRQHandler
                0x0000023c                Reserved45_IRQHandler
                0x00000244                PORTA_IRQHandler
                0x0000024c                PORTD_IRQHandler
                0x00000400                . = 0x400
 *fill*         0x00000254      0x1ac ff
                0x00000400                PROVIDE (__FLASH_CONFIG_START__, .)
 *(.FlashConfig)
 .FlashConfig   0x00000400       0x10 ./startup/startup_mkl25z4.o
                0x00000400                Flash_Config
                0x00000410                PROVIDE (__FLASH_CONFIG_END__, .)
                0x00000001                ASSERT (! ((__FLASH_CONFIG_START__ == __FLASH_CONFIG_END__)), Linker Flash Config Support Enabled, but no .FlashConfig section provided within application)
 *(.text*)
 .text.UART_EnableTx
                0x00000410       0x40 ./utilities/fsl_debug_console.o
 .text.UART_EnableRx
                0x00000450       0x40 ./utilities/fsl_debug_console.o
 .text.LPSCI_EnableTx
                0x00000490       0x40 ./utilities/fsl_debug_console.o
 .text.LPSCI_EnableRx
                0x000004d0       0x40 ./utilities/fsl_debug_console.o
 .text.DbgConsole_Init
                0x00000510       0xf4 ./utilities/fsl_debug_console.o
                0x00000510                DbgConsole_Init
 .text.DbgConsole_Printf
                0x00000604       0x44 ./utilities/fsl_debug_console.o
                0x00000604                DbgConsole_Printf
 .text.DbgConsole_Putchar
                0x00000648       0x34 ./utilities/fsl_debug_console.o
                0x00000648                DbgConsole_Putchar
 .text.DbgConsole_Getchar
                0x0000067c       0x40 ./utilities/fsl_debug_console.o
                0x0000067c                DbgConsole_Getchar
 .text.DbgConsole_PrintfPaddingCharacter
                0x000006bc       0x46 ./utilities/fsl_debug_console.o
 .text.DbgConsole_ConvertRadixNumToString
                0x00000702      0x114 ./utilities/fsl_debug_console.o
 .text.DbgConsole_PrintfFormattedData
                0x00000816      0x32c ./utilities/fsl_debug_console.o
 *fill*         0x00000b42        0x2 ff
 .text.main     0x00000b44       0xe4 ./source/hello_world.o
                0x00000b44                main
 .text.mystrlen
                0x00000c28       0x2e ./source/hello_world.o
                0x00000c28                mystrlen
 .text.swap     0x00000c56       0x2c ./source/hello_world.o
                0x00000c56                swap
 *fill*         0x00000c82        0x2 ff
 .text.HardFault_Handler
                0x00000c84       0x30 ./source/semihost_hardfault.o
                0x00000c84                HardFault_Handler
 .text.CLOCK_SetEr32kClock
                0x00000cb4       0x34 ./drivers/fsl_clock.o
 .text.CLOCK_SetPllFllSelClock
                0x00000ce8       0x38 ./drivers/fsl_clock.o
 .text.OSC_SetExtRefClkConfig
                0x00000d20       0x3e ./drivers/fsl_clock.o
 .text.OSC_SetCapLoad
                0x00000d5e       0x42 ./drivers/fsl_clock.o
 .text.CLOCK_GetMcgExtClkFreq
                0x00000da0       0x28 ./drivers/fsl_clock.o
 .text.CLOCK_GetFllExtRefClkFreq
                0x00000dc8       0xa4 ./drivers/fsl_clock.o
 .text.CLOCK_GetFllRefClkFreq
                0x00000e6c       0x2c ./drivers/fsl_clock.o
 .text.CLOCK_GetPll0RefFreq
                0x00000e98       0x10 ./drivers/fsl_clock.o
 .text.CLOCK_GetOscRangeFromFreq
                0x00000ea8       0x4c ./drivers/fsl_clock.o
 .text.CLOCK_GetPllFllSelClkFreq
                0x00000ef4       0x4c ./drivers/fsl_clock.o
                0x00000ef4                CLOCK_GetPllFllSelClkFreq
 .text.CLOCK_SetSimConfig
                0x00000f40       0x38 ./drivers/fsl_clock.o
                0x00000f40                CLOCK_SetSimConfig
 .text.CLOCK_GetFllFreq
                0x00000f78       0x84 ./drivers/fsl_clock.o
                0x00000f78                CLOCK_GetFllFreq
 .text.CLOCK_GetPll0Freq
                0x00000ffc       0x70 ./drivers/fsl_clock.o
                0x00000ffc                CLOCK_GetPll0Freq
 .text.CLOCK_SetExternalRefClkConfig
                0x0000106c       0x16 ./drivers/fsl_clock.o
                0x0000106c                CLOCK_SetExternalRefClkConfig
 *fill*         0x00001082        0x2 ff
 .text.CLOCK_SetInternalRefClkConfig
                0x00001084      0x128 ./drivers/fsl_clock.o
                0x00001084                CLOCK_SetInternalRefClkConfig
 .text.CLOCK_EnablePll0
                0x000011ac       0x90 ./drivers/fsl_clock.o
                0x000011ac                CLOCK_EnablePll0
 .text.CLOCK_InitOsc0
                0x0000123c       0x94 ./drivers/fsl_clock.o
                0x0000123c                CLOCK_InitOsc0
 .text.CLOCK_SetPbeMode
                0x000012d0       0xb0 ./drivers/fsl_clock.o
                0x000012d0                CLOCK_SetPbeMode
 .text.CLOCK_BootToPeeMode
                0x00001380       0x70 ./drivers/fsl_clock.o
                0x00001380                CLOCK_BootToPeeMode
 .text.__assertion_failed
                0x000013f0       0x1c ./drivers/fsl_common.o
                0x000013f0                __assertion_failed
 .text.CLOCK_EnableClock
                0x0000140c       0x34 ./drivers/fsl_lpsci.o
 .text.LPSCI_GetInstance
                0x00001440       0x48 ./drivers/fsl_lpsci.o
                0x00001440                LPSCI_GetInstance
 .text.LPSCI_Init
                0x00001488      0x260 ./drivers/fsl_lpsci.o
                0x00001488                LPSCI_Init
 .text.LPSCI_GetDefaultConfig
                0x000016e8       0x44 ./drivers/fsl_lpsci.o
                0x000016e8                LPSCI_GetDefaultConfig
 .text.LPSCI_GetStatusFlags
                0x0000172c       0x26 ./drivers/fsl_lpsci.o
                0x0000172c                LPSCI_GetStatusFlags
 *fill*         0x00001752        0x2 ff
 .text.LPSCI_ClearStatusFlags
                0x00001754       0x94 ./drivers/fsl_lpsci.o
                0x00001754                LPSCI_ClearStatusFlags
 .text.LPSCI_WriteBlocking
                0x000017e8       0x4c ./drivers/fsl_lpsci.o
                0x000017e8                LPSCI_WriteBlocking
 .text.LPSCI_ReadBlocking
                0x00001834       0xc0 ./drivers/fsl_lpsci.o
                0x00001834                LPSCI_ReadBlocking
 .text.UART0_DriverIRQHandler
                0x000018f4       0x24 ./drivers/fsl_lpsci.o
                0x000018f4                UART0_DriverIRQHandler
 .text.CLOCK_EnableClock
                0x00001918       0x34 ./drivers/fsl_uart.o
 .text.UART_GetInstance
                0x0000194c       0x54 ./drivers/fsl_uart.o
                0x0000194c                UART_GetInstance
 .text.UART_Init
                0x000019a0      0x1e8 ./drivers/fsl_uart.o
                0x000019a0                UART_Init
 .text.UART_GetDefaultConfig
                0x00001b88       0x44 ./drivers/fsl_uart.o
                0x00001b88                UART_GetDefaultConfig
 .text.UART_GetStatusFlags
                0x00001bcc       0x26 ./drivers/fsl_uart.o
                0x00001bcc                UART_GetStatusFlags
 .text.UART_WriteBlocking
                0x00001bf2       0x3a ./drivers/fsl_uart.o
                0x00001bf2                UART_WriteBlocking
 .text.UART_ReadBlocking
                0x00001c2c       0x98 ./drivers/fsl_uart.o
                0x00001c2c                UART_ReadBlocking
 .text.UART1_DriverIRQHandler
                0x00001cc4       0x24 ./drivers/fsl_uart.o
                0x00001cc4                UART1_DriverIRQHandler
 .text.UART2_DriverIRQHandler
                0x00001ce8       0x24 ./drivers/fsl_uart.o
                0x00001ce8                UART2_DriverIRQHandler
 .text.CLOCK_SetLpsci0Clock
                0x00001d0c       0x38 ./board/board.o
 .text.BOARD_InitDebugConsole
                0x00001d44       0x30 ./board/board.o
                0x00001d44                BOARD_InitDebugConsole
 .text.CLOCK_SetSimSafeDivs
                0x00001d74       0x20 ./board/clock_config.o
 .text.CLOCK_SetXtal0Freq
                0x00001d94       0x1c ./board/clock_config.o
 .text.CLOCK_CONFIG_SetFllExtRefDiv
                0x00001db0       0x3c ./board/clock_config.o
 .text.BOARD_BootClockRUN
                0x00001dec       0x64 ./board/clock_config.o
                0x00001dec                BOARD_BootClockRUN
 .text.CLOCK_EnableClock
                0x00001e50       0x34 ./board/pin_mux.o
 .text.PORT_SetPinMux
                0x00001e84       0x40 ./board/pin_mux.o
 .text.BOARD_InitPins
                0x00001ec4       0x4c ./board/pin_mux.o
                0x00001ec4                BOARD_InitPins
 .text.SystemInit
                0x00001f10       0x18 ./CMSIS/system_MKL25Z4.o
                0x00001f10                SystemInit
 .text.__main   0x00001f28        0xc c:/nxp/mcuxpressoide_10.2.1_795/ide/tools/bin/../lib/gcc/arm-none-eabi/7.2.1/../../../../arm-none-eabi/lib/thumb/v6-m\libcr_nohost_nf.a(_cr__main.o)
                0x00001f28                __main
 .text.memset   0x00001f34        0x8 c:/nxp/mcuxpressoide_10.2.1_795/ide/tools/bin/../lib/gcc/arm-none-eabi/7.2.1/../../../../arm-none-eabi/lib/thumb/v6-m\libcr_c.a(memset.o)
                0x00001f34                memset
 .text._initio  0x00001f3c       0x7c c:/nxp/mcuxpressoide_10.2.1_795/ide/tools/bin/../lib/gcc/arm-none-eabi/7.2.1/../../../../arm-none-eabi/lib/thumb/v6-m\libcr_c.a(initio.o)
                0x00001f3c                _initio
 .text.setvbuf  0x00001fb8       0x48 c:/nxp/mcuxpressoide_10.2.1_795/ide/tools/bin/../lib/gcc/arm-none-eabi/7.2.1/../../../../arm-none-eabi/lib/thumb/v6-m\libcr_c.a(setvbuf.o)
                0x00001fb8                setvbuf
 .text.strlen   0x00002000       0x58 c:/nxp/mcuxpressoide_10.2.1_795/ide/tools/bin/../lib/gcc/arm-none-eabi/7.2.1/../../../../arm-none-eabi/lib/thumb/v6-m\libcr_c.a(strlen.o)
                0x00002000                strlen
 .text._fdopen  0x00002058       0x74 c:/nxp/mcuxpressoide_10.2.1_795/ide/tools/bin/../lib/gcc/arm-none-eabi/7.2.1/../../../../arm-none-eabi/lib/thumb/v6-m\libcr_c.a(_fdopen.o)
                0x00002058                _fdopen
 .text.fclose   0x000020cc       0x5c c:/nxp/mcuxpressoide_10.2.1_795/ide/tools/bin/../lib/gcc/arm-none-eabi/7.2.1/../../../../arm-none-eabi/lib/thumb/v6-m\libcr_c.a(fclose.o)
                0x000020cc                fclose
 .text.fflush   0x00002128       0x44 c:/nxp/mcuxpressoide_10.2.1_795/ide/tools/bin/../lib/gcc/arm-none-eabi/7.2.1/../../../../arm-none-eabi/lib/thumb/v6-m\libcr_c.a(fflush.o)
                0x00002128                fflush
 .text.fseek    0x0000216c       0xf0 c:/nxp/mcuxpressoide_10.2.1_795/ide/tools/bin/../lib/gcc/arm-none-eabi/7.2.1/../../../../arm-none-eabi/lib/thumb/v6-m\libcr_c.a(fseek.o)
                0x0000216c                fseek
 .text.ftell    0x0000225c       0x48 c:/nxp/mcuxpressoide_10.2.1_795/ide/tools/bin/../lib/gcc/arm-none-eabi/7.2.1/../../../../arm-none-eabi/lib/thumb/v6-m\libcr_c.a(ftell.o)
                0x0000225c                ftell
 .text.remove   0x000022a4       0x12 c:/nxp/mcuxpressoide_10.2.1_795/ide/tools/bin/../lib/gcc/arm-none-eabi/7.2.1/../../../../arm-none-eabi/lib/thumb/v6-m\libcr_c.a(remove.o)
                0x000022a4                remove
 *fill*         0x000022b6        0x2 ff
 .text._do_fflush
                0x000022b8       0x44 c:/nxp/mcuxpressoide_10.2.1_795/ide/tools/bin/../lib/gcc/arm-none-eabi/7.2.1/../../../../arm-none-eabi/lib/thumb/v6-m\libcr_c.a(_do_fflush.o)
                0x000022b8                _do_fflush
 .text._fflush  0x000022fc       0x5c c:/nxp/mcuxpressoide_10.2.1_795/ide/tools/bin/../lib/gcc/arm-none-eabi/7.2.1/../../../../arm-none-eabi/lib/thumb/v6-m\libcr_c.a(_fflush.o)
                0x000022fc                _fflush
 .text._Cwritebuf
                0x00002358       0x68 c:/nxp/mcuxpressoide_10.2.1_795/ide/tools/bin/../lib/gcc/arm-none-eabi/7.2.1/../../../../arm-none-eabi/lib/thumb/v6-m\libcr_c.a(_writebuf.o)
                0x00002358                _Cwritebuf
 .text.free     0x000023c0       0x2c c:/nxp/mcuxpressoide_10.2.1_795/ide/tools/bin/../lib/gcc/arm-none-eabi/7.2.1/../../../../arm-none-eabi/lib/thumb/v6-m\libcr_c.a(alloc.o)
                0x000023c0                free
 .text._deferredlazyseek
                0x000023ec       0x40 c:/nxp/mcuxpressoide_10.2.1_795/ide/tools/bin/../lib/gcc/arm-none-eabi/7.2.1/../../../../arm-none-eabi/lib/thumb/v6-m\libcr_c.a(_deferredlazyseek.o)
                0x000023ec                _deferredlazyseek
 .text.__aeabi_division_idivmod
                0x0000242c       0x78 c:/nxp/mcuxpressoide_10.2.1_795/ide/tools/bin/../lib/gcc/arm-none-eabi/7.2.1/thumb/v6-m\libcr_eabihelpers.a(division_32.o)
                0x0000242c                __aeabi_idivmod
                0x0000242c                __aeabi_idiv
                0x00002432                __aeabi_uidivmod
                0x00002432                __aeabi_uidiv
 .text.__aeabi_division_idiv0
                0x000024a4        0x2 c:/nxp/mcuxpressoide_10.2.1_795/ide/tools/bin/../lib/gcc/arm-none-eabi/7.2.1/thumb/v6-m\libcr_eabihelpers.a(division_idiv0.o)
                0x000024a4                __aeabi_idiv0
 .text.__aeabi_memset_lowlevel
                0x000024a6       0x2a c:/nxp/mcuxpressoide_10.2.1_795/ide/tools/bin/../lib/gcc/arm-none-eabi/7.2.1/thumb/v6-m\libcr_eabihelpers.a(memcpy.o)
                0x000024a6                __aeabi_lowlevel_memset
 .text.__sys_close
                0x000024d0        0x6 c:/nxp/mcuxpressoide_10.2.1_795/ide/tools/bin/../lib/gcc/arm-none-eabi/7.2.1/../../../../arm-none-eabi/lib/thumb/v6-m\libcr_nohost_nf.a(__sys_close.o)
                0x000024d0                __sys_close
 .text.__sys_flen
                0x000024d6        0x6 c:/nxp/mcuxpressoide_10.2.1_795/ide/tools/bin/../lib/gcc/arm-none-eabi/7.2.1/../../../../arm-none-eabi/lib/thumb/v6-m\libcr_nohost_nf.a(__sys_flen.o)
                0x000024d6                __sys_flen
 .text.__sys_istty
                0x000024dc        0x6 c:/nxp/mcuxpressoide_10.2.1_795/ide/tools/bin/../lib/gcc/arm-none-eabi/7.2.1/../../../../arm-none-eabi/lib/thumb/v6-m\libcr_nohost_nf.a(__sys_istty.o)
                0x000024dc                __sys_istty
 .text.__sys_remove
                0x000024e2        0x6 c:/nxp/mcuxpressoide_10.2.1_795/ide/tools/bin/../lib/gcc/arm-none-eabi/7.2.1/../../../../arm-none-eabi/lib/thumb/v6-m\libcr_nohost_nf.a(__sys_remove.o)
                0x000024e2                __sys_remove
 .text.__sys_seek
                0x000024e8        0x6 c:/nxp/mcuxpressoide_10.2.1_795/ide/tools/bin/../lib/gcc/arm-none-eabi/7.2.1/../../../../arm-none-eabi/lib/thumb/v6-m\libcr_nohost_nf.a(__sys_seek.o)
                0x000024e8                __sys_seek
 .text.__sys_tmpnam
                0x000024ee        0x6 c:/nxp/mcuxpressoide_10.2.1_795/ide/tools/bin/../lib/gcc/arm-none-eabi/7.2.1/../../../../arm-none-eabi/lib/thumb/v6-m\libcr_nohost_nf.a(__sys_tmpnam.o)
                0x000024ee                __sys_tmpnam
 .text.__sys_write
                0x000024f4        0x4 c:/nxp/mcuxpressoide_10.2.1_795/ide/tools/bin/../lib/gcc/arm-none-eabi/7.2.1/../../../../arm-none-eabi/lib/thumb/v6-m\libcr_nohost_nf.a(__sys_write.o)
                0x000024f4                __sys_write
 *(.rodata .rodata.* .constdata .constdata.*)
 .rodata        0x000024f8       0x3b ./source/hello_world.o
 *fill*         0x00002533        0x1 ff
 .rodata        0x00002534      0x11d ./drivers/fsl_clock.o
 *fill*         0x00002651        0x3 ff
 .rodata.fllFactorTable.5188
                0x00002654       0x10 ./drivers/fsl_clock.o
 .rodata        0x00002664        0x4 ./drivers/fsl_common.o
 .rodata        0x00002668      0x48c ./drivers/fsl_lpsci.o
 .rodata.s_uartBases
                0x00002af4        0xc ./drivers/fsl_uart.o
 .rodata.s_uartClock
                0x00002b00        0xc ./drivers/fsl_uart.o
 .rodata        0x00002b0c      0x45b ./drivers/fsl_uart.o
 *fill*         0x00002f67        0x1 ff
 .rodata.mcgConfig_BOARD_BootClockRUN
                0x00002f68        0xa ./board/clock_config.o
                0x00002f68                mcgConfig_BOARD_BootClockRUN
 *fill*         0x00002f72        0x2 ff
 .rodata.simConfig_BOARD_BootClockRUN
                0x00002f74        0x8 ./board/clock_config.o
                0x00002f74                simConfig_BOARD_BootClockRUN
 .rodata.oscConfig_BOARD_BootClockRUN
                0x00002f7c        0x8 ./board/clock_config.o
                0x00002f7c                oscConfig_BOARD_BootClockRUN
 .rodata._initio.str1.1
                0x00002f84        0x4 c:/nxp/mcuxpressoide_10.2.1_795/ide/tools/bin/../lib/gcc/arm-none-eabi/7.2.1/../../../../arm-none-eabi/lib/thumb/v6-m\libcr_c.a(initio.o)
 .rodata.__num_Ciob_streams
                0x00002f88        0x4 c:/nxp/mcuxpressoide_10.2.1_795/ide/tools/bin/../lib/gcc/arm-none-eabi/7.2.1/../../../../arm-none-eabi/lib/thumb/v6-m\libcr_nohost_nf.a(__ciob.o)
                0x00002f88                __num_Ciob_streams
                0x00002f8c                . = ALIGN (0x4)

.glue_7         0x00002f8c        0x0
 .glue_7        0x00002f8c        0x0 linker stubs

.glue_7t        0x00002f8c        0x0
 .glue_7t       0x00002f8c        0x0 linker stubs

.vfp11_veneer   0x00002f8c        0x0
 .vfp11_veneer  0x00002f8c        0x0 linker stubs

.v4_bx          0x00002f8c        0x0
 .v4_bx         0x00002f8c        0x0 linker stubs

.iplt           0x00002f8c        0x0
 .iplt          0x00002f8c        0x0 ./utilities/fsl_debug_console.o

.rel.dyn        0x00002f8c        0x0
 .rel.iplt      0x00002f8c        0x0 ./utilities/fsl_debug_console.o

.ARM.extab
 *(.ARM.extab* .gnu.linkonce.armextab.*)
                0x00002f8c                __exidx_start = .

.ARM.exidx
 *(.ARM.exidx* .gnu.linkonce.armexidx.*)
                0x00002f8c                __exidx_end = .
                0x00002f8c                _etext = .

.m_usb_data
 *(m_usb_bdt)

.mtb_buffer_default
                0x1ffff000       0x80
 *(.mtb*)
 .mtb.$RAM1     0x1ffff000       0x80 ./source/mtb.o
                0x1ffff000                __mtb_buffer__

.uninit_RESERVED
                0x1ffff080        0x0
 *(.bss.$RESERVED*)
                0x1ffff080                . = ALIGN (0x4)
                0x1ffff080                _end_uninit_RESERVED = .

.data           0x1ffff080        0x8 load address 0x00002f8c
 FILL mask 0xff
                0x1ffff080                _data = .
 *(vtable)
 *(.ramfunc*)
 *(.data*)
 .data.s_slowIrcFreq
                0x1ffff080        0x4 ./drivers/fsl_clock.o
 .data.SystemCoreClock
                0x1ffff084        0x4 ./CMSIS/system_MKL25Z4.o
                0x1ffff084                SystemCoreClock
                0x1ffff088                . = ALIGN (0x4)
                0x1ffff088                _edata = .

.igot.plt       0x1ffff088        0x0 load address 0x00002f94
 .igot.plt      0x1ffff088        0x0 ./utilities/fsl_debug_console.o

.bss            0x1ffff088       0xe4 load address 0x00002f94
                0x1ffff088                _bss = .
 *(.bss*)
 .bss.s_debugConsole
                0x1ffff088       0x10 ./utilities/fsl_debug_console.o
 .bss.g_xtal0Freq
                0x1ffff098        0x4 ./drivers/fsl_clock.o
                0x1ffff098                g_xtal0Freq
 .bss.s_lpsciHandle
                0x1ffff09c        0x4 ./drivers/fsl_lpsci.o
 .bss.s_lpsciIsr
                0x1ffff0a0        0x4 ./drivers/fsl_lpsci.o
 .bss.s_uartHandle
                0x1ffff0a4        0xc ./drivers/fsl_uart.o
 .bss.s_uartIsr
                0x1ffff0b0        0x4 ./drivers/fsl_uart.o
 .bss.errno     0x1ffff0b4        0x4 c:/nxp/mcuxpressoide_10.2.1_795/ide/tools/bin/../lib/gcc/arm-none-eabi/7.2.1/../../../../arm-none-eabi/lib/thumb/v6-m\libcr_c.a(errno.o)
                0x1ffff0b4                errno
 .bss.__Ciob    0x1ffff0b8       0xb4 c:/nxp/mcuxpressoide_10.2.1_795/ide/tools/bin/../lib/gcc/arm-none-eabi/7.2.1/../../../../arm-none-eabi/lib/thumb/v6-m\libcr_nohost_nf.a(__ciob.o)
                0x1ffff0b8                __Ciob
 *(COMMON)
                0x1ffff16c                . = ALIGN (0x4)
                0x1ffff16c                _ebss = .
                [!provide]                PROVIDE (end, .)

.noinit         0x1ffff16c        0x0 load address 0x00002f94
                0x1ffff16c                _noinit = .
 *(.noinit*)
                0x1ffff16c                . = ALIGN (0x4)
                0x1ffff16c                _end_noinit = .
                0x00000400                _HeapSize = 0x400

.heap           0x1ffff16c      0x400 load address 0x00002f94
                0x1ffff16c                _pvHeapStart = .
                0x1ffff56c                . = (. + _HeapSize)
 *fill*         0x1ffff16c      0x400 
                0x1ffff56c                . = ALIGN (0x4)
                0x1ffff56c                _pvHeapLimit = .
                0x00000400                _StackSize = 0x400

.heap2stackfill
                0x1ffff56c      0x400 load address 0x00002f94
                0x1ffff96c                . = (. + _StackSize)
 *fill*         0x1ffff56c      0x400 

.stack          0x20002c00        0x0
                0x20002c00                _vStackBase = .
                0x20002c00                . = ALIGN (0x4)
                0x20003000                _vStackTop = (. + _StackSize)
                0x00000000                _image_start = LOADADDR (.text)
                0x00002f94                _image_end = (LOADADDR (.data) + SIZEOF (.data))
                0x00002f94                _image_size = (_image_end - _image_start)
OUTPUT(frdmkl25z_demo_apps_hello_world.axf elf32-littlearm)

.debug_info     0x00000000     0x76a9
 .debug_info    0x00000000      0xddd ./utilities/fsl_debug_console.o
 .debug_info    0x00000ddd      0x497 ./startup/startup_mkl25z4.o
 .debug_info    0x00001274      0x533 ./source/hello_world.o
 .debug_info    0x000017a7       0x4e ./source/mtb.o
 .debug_info    0x000017f5       0x37 ./source/semihost_hardfault.o
 .debug_info    0x0000182c     0x195e ./drivers/fsl_clock.o
 .debug_info    0x0000318a      0x41e ./drivers/fsl_common.o
 .debug_info    0x000035a8     0x1388 ./drivers/fsl_lpsci.o
 .debug_info    0x00004930     0x1332 ./drivers/fsl_uart.o
 .debug_info    0x00005c62      0x692 ./board/board.o
 .debug_info    0x000062f4      0xa66 ./board/clock_config.o
 .debug_info    0x00006d5a      0x555 ./board/pin_mux.o
 .debug_info    0x000072af      0x3fa ./CMSIS/system_MKL25Z4.o

.debug_abbrev   0x00000000     0x1740
 .debug_abbrev  0x00000000      0x291 ./utilities/fsl_debug_console.o
 .debug_abbrev  0x00000291      0x16a ./startup/startup_mkl25z4.o
 .debug_abbrev  0x000003fb      0x19b ./source/hello_world.o
 .debug_abbrev  0x00000596       0x41 ./source/mtb.o
 .debug_abbrev  0x000005d7       0x2c ./source/semihost_hardfault.o
 .debug_abbrev  0x00000603      0x326 ./drivers/fsl_clock.o
 .debug_abbrev  0x00000929      0x247 ./drivers/fsl_common.o
 .debug_abbrev  0x00000b70      0x2ca ./drivers/fsl_lpsci.o
 .debug_abbrev  0x00000e3a      0x2e2 ./drivers/fsl_uart.o
 .debug_abbrev  0x0000111c      0x164 ./board/board.o
 .debug_abbrev  0x00001280      0x1f1 ./board/clock_config.o
 .debug_abbrev  0x00001471      0x196 ./board/pin_mux.o
 .debug_abbrev  0x00001607      0x139 ./CMSIS/system_MKL25Z4.o

.debug_aranges  0x00000000      0x780
 .debug_aranges
                0x00000000       0x90 ./utilities/fsl_debug_console.o
 .debug_aranges
                0x00000090      0x160 ./startup/startup_mkl25z4.o
 .debug_aranges
                0x000001f0       0x30 ./source/hello_world.o
 .debug_aranges
                0x00000220       0x18 ./source/mtb.o
 .debug_aranges
                0x00000238       0x20 ./source/semihost_hardfault.o
 .debug_aranges
                0x00000258      0x1d8 ./drivers/fsl_clock.o
 .debug_aranges
                0x00000430       0x38 ./drivers/fsl_common.o
 .debug_aranges
                0x00000468      0x118 ./drivers/fsl_lpsci.o
 .debug_aranges
                0x00000580      0x130 ./drivers/fsl_uart.o
 .debug_aranges
                0x000006b0       0x28 ./board/board.o
 .debug_aranges
                0x000006d8       0x50 ./board/clock_config.o
 .debug_aranges
                0x00000728       0x30 ./board/pin_mux.o
 .debug_aranges
                0x00000758       0x28 ./CMSIS/system_MKL25Z4.o

.debug_ranges   0x00000000      0x6a8
 .debug_ranges  0x00000000       0x80 ./utilities/fsl_debug_console.o
 .debug_ranges  0x00000080      0x150 ./startup/startup_mkl25z4.o
 .debug_ranges  0x000001d0       0x20 ./source/hello_world.o
 .debug_ranges  0x000001f0       0x10 ./source/semihost_hardfault.o
 .debug_ranges  0x00000200      0x1c8 ./drivers/fsl_clock.o
 .debug_ranges  0x000003c8       0x28 ./drivers/fsl_common.o
 .debug_ranges  0x000003f0      0x108 ./drivers/fsl_lpsci.o
 .debug_ranges  0x000004f8      0x120 ./drivers/fsl_uart.o
 .debug_ranges  0x00000618       0x18 ./board/board.o
 .debug_ranges  0x00000630       0x40 ./board/clock_config.o
 .debug_ranges  0x00000670       0x20 ./board/pin_mux.o
 .debug_ranges  0x00000690       0x18 ./CMSIS/system_MKL25Z4.o

.debug_line     0x00000000     0x2625
 .debug_line    0x00000000      0x5be ./utilities/fsl_debug_console.o
 .debug_line    0x000005be      0x128 ./startup/startup_mkl25z4.o
 .debug_line    0x000006e6      0x178 ./source/hello_world.o
 .debug_line    0x0000085e       0x30 ./source/mtb.o
 .debug_line    0x0000088e       0x54 ./source/semihost_hardfault.o
 .debug_line    0x000008e2      0x8c0 ./drivers/fsl_clock.o
 .debug_line    0x000011a2      0x1ce ./drivers/fsl_common.o
 .debug_line    0x00001370      0x673 ./drivers/fsl_lpsci.o
 .debug_line    0x000019e3      0x676 ./drivers/fsl_uart.o
 .debug_line    0x00002059      0x143 ./board/board.o
 .debug_line    0x0000219c      0x1dd ./board/clock_config.o
 .debug_line    0x00002379      0x15b ./board/pin_mux.o
 .debug_line    0x000024d4      0x151 ./CMSIS/system_MKL25Z4.o

.debug_str      0x00000000     0x3b37
 .debug_str     0x00000000      0xcec ./utilities/fsl_debug_console.o
                                0xd6b (size before relaxing)
 .debug_str     0x00000cec      0x394 ./startup/startup_mkl25z4.o
                                0x4d0 (size before relaxing)
 .debug_str     0x00001080      0x3a7 ./source/hello_world.o
                                0x5db (size before relaxing)
 .debug_str     0x00001427       0x1f ./source/mtb.o
                                0x15a (size before relaxing)
 .debug_str     0x00001446       0x1f ./source/semihost_hardfault.o
                                0x15a (size before relaxing)
 .debug_str     0x00001465      0xddc ./drivers/fsl_clock.o
                               0x17fb (size before relaxing)
 .debug_str     0x00002241      0x302 ./drivers/fsl_common.o
                                0x51d (size before relaxing)
 .debug_str     0x00002543      0x9c9 ./drivers/fsl_lpsci.o
                               0x15c3 (size before relaxing)
 .debug_str     0x00002f0c      0x819 ./drivers/fsl_uart.o
                               0x15cf (size before relaxing)
 .debug_str     0x00003725       0x4c ./board/board.o
                                0x6a4 (size before relaxing)
 .debug_str     0x00003771      0x222 ./board/clock_config.o
                                0xdcd (size before relaxing)
 .debug_str     0x00003993      0x155 ./board/pin_mux.o
                                0x5d8 (size before relaxing)
 .debug_str     0x00003ae8       0x4f ./CMSIS/system_MKL25Z4.o
                                0x33c (size before relaxing)

.comment        0x00000000       0x7e
 .comment       0x00000000       0x7e ./utilities/fsl_debug_console.o
                                 0x7f (size before relaxing)
 .comment       0x0000007e       0x7f ./startup/startup_mkl25z4.o
 .comment       0x0000007e       0x7f ./source/hello_world.o
 .comment       0x0000007e       0x7f ./source/mtb.o
 .comment       0x0000007e       0x7f ./source/semihost_hardfault.o
 .comment       0x0000007e       0x7f ./drivers/fsl_clock.o
 .comment       0x0000007e       0x7f ./drivers/fsl_common.o
 .comment       0x0000007e       0x7f ./drivers/fsl_lpsci.o
 .comment       0x0000007e       0x7f ./drivers/fsl_uart.o
 .comment       0x0000007e       0x7f ./board/board.o
 .comment       0x0000007e       0x7f ./board/clock_config.o
 .comment       0x0000007e       0x7f ./board/pin_mux.o
 .comment       0x0000007e       0x7f ./CMSIS/system_MKL25Z4.o
 .comment       0x0000007e       0x7f c:/nxp/mcuxpressoide_10.2.1_795/ide/tools/bin/../lib/gcc/arm-none-eabi/7.2.1/../../../../arm-none-eabi/lib/thumb/v6-m\libcr_nohost_nf.a(_cr__main.o)
 .comment       0x0000007e       0x7f c:/nxp/mcuxpressoide_10.2.1_795/ide/tools/bin/../lib/gcc/arm-none-eabi/7.2.1/../../../../arm-none-eabi/lib/thumb/v6-m\libcr_c.a(memset.o)
 .comment       0x0000007e       0x7f c:/nxp/mcuxpressoide_10.2.1_795/ide/tools/bin/../lib/gcc/arm-none-eabi/7.2.1/../../../../arm-none-eabi/lib/thumb/v6-m\libcr_c.a(initio.o)
 .comment       0x0000007e       0x7f c:/nxp/mcuxpressoide_10.2.1_795/ide/tools/bin/../lib/gcc/arm-none-eabi/7.2.1/../../../../arm-none-eabi/lib/thumb/v6-m\libcr_c.a(setvbuf.o)
 .comment       0x0000007e       0x7f c:/nxp/mcuxpressoide_10.2.1_795/ide/tools/bin/../lib/gcc/arm-none-eabi/7.2.1/../../../../arm-none-eabi/lib/thumb/v6-m\libcr_c.a(strlen.o)
 .comment       0x0000007e       0x7f c:/nxp/mcuxpressoide_10.2.1_795/ide/tools/bin/../lib/gcc/arm-none-eabi/7.2.1/../../../../arm-none-eabi/lib/thumb/v6-m\libcr_c.a(_fdopen.o)
 .comment       0x0000007e       0x7f c:/nxp/mcuxpressoide_10.2.1_795/ide/tools/bin/../lib/gcc/arm-none-eabi/7.2.1/../../../../arm-none-eabi/lib/thumb/v6-m\libcr_c.a(fclose.o)
 .comment       0x0000007e       0x7f c:/nxp/mcuxpressoide_10.2.1_795/ide/tools/bin/../lib/gcc/arm-none-eabi/7.2.1/../../../../arm-none-eabi/lib/thumb/v6-m\libcr_c.a(fflush.o)
 .comment       0x0000007e       0x7f c:/nxp/mcuxpressoide_10.2.1_795/ide/tools/bin/../lib/gcc/arm-none-eabi/7.2.1/../../../../arm-none-eabi/lib/thumb/v6-m\libcr_c.a(fseek.o)
 .comment       0x0000007e       0x7f c:/nxp/mcuxpressoide_10.2.1_795/ide/tools/bin/../lib/gcc/arm-none-eabi/7.2.1/../../../../arm-none-eabi/lib/thumb/v6-m\libcr_c.a(ftell.o)
 .comment       0x0000007e       0x7f c:/nxp/mcuxpressoide_10.2.1_795/ide/tools/bin/../lib/gcc/arm-none-eabi/7.2.1/../../../../arm-none-eabi/lib/thumb/v6-m\libcr_c.a(remove.o)
 .comment       0x0000007e       0x7f c:/nxp/mcuxpressoide_10.2.1_795/ide/tools/bin/../lib/gcc/arm-none-eabi/7.2.1/../../../../arm-none-eabi/lib/thumb/v6-m\libcr_c.a(_do_fflush.o)
 .comment       0x0000007e       0x7f c:/nxp/mcuxpressoide_10.2.1_795/ide/tools/bin/../lib/gcc/arm-none-eabi/7.2.1/../../../../arm-none-eabi/lib/thumb/v6-m\libcr_c.a(_fflush.o)
 .comment       0x0000007e       0x7f c:/nxp/mcuxpressoide_10.2.1_795/ide/tools/bin/../lib/gcc/arm-none-eabi/7.2.1/../../../../arm-none-eabi/lib/thumb/v6-m\libcr_c.a(_writebuf.o)
 .comment       0x0000007e       0x7f c:/nxp/mcuxpressoide_10.2.1_795/ide/tools/bin/../lib/gcc/arm-none-eabi/7.2.1/../../../../arm-none-eabi/lib/thumb/v6-m\libcr_c.a(alloc.o)
 .comment       0x0000007e       0x7f c:/nxp/mcuxpressoide_10.2.1_795/ide/tools/bin/../lib/gcc/arm-none-eabi/7.2.1/../../../../arm-none-eabi/lib/thumb/v6-m\libcr_c.a(errno.o)
 .comment       0x0000007e       0x7f c:/nxp/mcuxpressoide_10.2.1_795/ide/tools/bin/../lib/gcc/arm-none-eabi/7.2.1/../../../../arm-none-eabi/lib/thumb/v6-m\libcr_c.a(_deferredlazyseek.o)
 .comment       0x0000007e       0x7f c:/nxp/mcuxpressoide_10.2.1_795/ide/tools/bin/../lib/gcc/arm-none-eabi/7.2.1/../../../../arm-none-eabi/lib/thumb/v6-m\libcr_nohost_nf.a(__ciob.o)
 .comment       0x0000007e       0x7f c:/nxp/mcuxpressoide_10.2.1_795/ide/tools/bin/../lib/gcc/arm-none-eabi/7.2.1/../../../../arm-none-eabi/lib/thumb/v6-m\libcr_nohost_nf.a(__sys_close.o)
 .comment       0x0000007e       0x7f c:/nxp/mcuxpressoide_10.2.1_795/ide/tools/bin/../lib/gcc/arm-none-eabi/7.2.1/../../../../arm-none-eabi/lib/thumb/v6-m\libcr_nohost_nf.a(__sys_flen.o)
 .comment       0x0000007e       0x7f c:/nxp/mcuxpressoide_10.2.1_795/ide/tools/bin/../lib/gcc/arm-none-eabi/7.2.1/../../../../arm-none-eabi/lib/thumb/v6-m\libcr_nohost_nf.a(__sys_istty.o)
 .comment       0x0000007e       0x7f c:/nxp/mcuxpressoide_10.2.1_795/ide/tools/bin/../lib/gcc/arm-none-eabi/7.2.1/../../../../arm-none-eabi/lib/thumb/v6-m\libcr_nohost_nf.a(__sys_remove.o)
 .comment       0x0000007e       0x7f c:/nxp/mcuxpressoide_10.2.1_795/ide/tools/bin/../lib/gcc/arm-none-eabi/7.2.1/../../../../arm-none-eabi/lib/thumb/v6-m\libcr_nohost_nf.a(__sys_seek.o)
 .comment       0x0000007e       0x7f c:/nxp/mcuxpressoide_10.2.1_795/ide/tools/bin/../lib/gcc/arm-none-eabi/7.2.1/../../../../arm-none-eabi/lib/thumb/v6-m\libcr_nohost_nf.a(__sys_tmpnam.o)
 .comment       0x0000007e       0x7f c:/nxp/mcuxpressoide_10.2.1_795/ide/tools/bin/../lib/gcc/arm-none-eabi/7.2.1/../../../../arm-none-eabi/lib/thumb/v6-m\libcr_nohost_nf.a(__sys_write.o)

.ARM.attributes
                0x00000000       0x30
 .ARM.attributes
                0x00000000       0x32 ./utilities/fsl_debug_console.o
 .ARM.attributes
                0x00000032       0x32 ./startup/startup_mkl25z4.o
 .ARM.attributes
                0x00000064       0x32 ./source/hello_world.o
 .ARM.attributes
                0x00000096       0x32 ./source/mtb.o
 .ARM.attributes
                0x000000c8       0x32 ./source/semihost_hardfault.o
 .ARM.attributes
                0x000000fa       0x32 ./drivers/fsl_clock.o
 .ARM.attributes
                0x0000012c       0x32 ./drivers/fsl_common.o
 .ARM.attributes
                0x0000015e       0x32 ./drivers/fsl_lpsci.o
 .ARM.attributes
                0x00000190       0x32 ./drivers/fsl_uart.o
 .ARM.attributes
                0x000001c2       0x32 ./board/board.o
 .ARM.attributes
                0x000001f4       0x32 ./board/clock_config.o
 .ARM.attributes
                0x00000226       0x32 ./board/pin_mux.o
 .ARM.attributes
                0x00000258       0x32 ./CMSIS/system_MKL25Z4.o
 .ARM.attributes
                0x0000028a       0x31 c:/nxp/mcuxpressoide_10.2.1_795/ide/tools/bin/../lib/gcc/arm-none-eabi/7.2.1/../../../../arm-none-eabi/lib/thumb/v6-m\libcr_nohost_nf.a(_cr__main.o)
 .ARM.attributes
                0x000002bb       0x31 c:/nxp/mcuxpressoide_10.2.1_795/ide/tools/bin/../lib/gcc/arm-none-eabi/7.2.1/../../../../arm-none-eabi/lib/thumb/v6-m\libcr_c.a(memset.o)
 .ARM.attributes
                0x000002ec       0x31 c:/nxp/mcuxpressoide_10.2.1_795/ide/tools/bin/../lib/gcc/arm-none-eabi/7.2.1/../../../../arm-none-eabi/lib/thumb/v6-m\libcr_c.a(initio.o)
 .ARM.attributes
                0x0000031d       0x31 c:/nxp/mcuxpressoide_10.2.1_795/ide/tools/bin/../lib/gcc/arm-none-eabi/7.2.1/../../../../arm-none-eabi/lib/thumb/v6-m\libcr_c.a(setvbuf.o)
 .ARM.attributes
                0x0000034e       0x31 c:/nxp/mcuxpressoide_10.2.1_795/ide/tools/bin/../lib/gcc/arm-none-eabi/7.2.1/../../../../arm-none-eabi/lib/thumb/v6-m\libcr_c.a(strlen.o)
 .ARM.attributes
                0x0000037f       0x31 c:/nxp/mcuxpressoide_10.2.1_795/ide/tools/bin/../lib/gcc/arm-none-eabi/7.2.1/../../../../arm-none-eabi/lib/thumb/v6-m\libcr_c.a(_fdopen.o)
 .ARM.attributes
                0x000003b0       0x31 c:/nxp/mcuxpressoide_10.2.1_795/ide/tools/bin/../lib/gcc/arm-none-eabi/7.2.1/../../../../arm-none-eabi/lib/thumb/v6-m\libcr_c.a(fclose.o)
 .ARM.attributes
                0x000003e1       0x31 c:/nxp/mcuxpressoide_10.2.1_795/ide/tools/bin/../lib/gcc/arm-none-eabi/7.2.1/../../../../arm-none-eabi/lib/thumb/v6-m\libcr_c.a(fflush.o)
 .ARM.attributes
                0x00000412       0x31 c:/nxp/mcuxpressoide_10.2.1_795/ide/tools/bin/../lib/gcc/arm-none-eabi/7.2.1/../../../../arm-none-eabi/lib/thumb/v6-m\libcr_c.a(fseek.o)
 .ARM.attributes
                0x00000443       0x31 c:/nxp/mcuxpressoide_10.2.1_795/ide/tools/bin/../lib/gcc/arm-none-eabi/7.2.1/../../../../arm-none-eabi/lib/thumb/v6-m\libcr_c.a(ftell.o)
 .ARM.attributes
                0x00000474       0x31 c:/nxp/mcuxpressoide_10.2.1_795/ide/tools/bin/../lib/gcc/arm-none-eabi/7.2.1/../../../../arm-none-eabi/lib/thumb/v6-m\libcr_c.a(remove.o)
 .ARM.attributes
                0x000004a5       0x31 c:/nxp/mcuxpressoide_10.2.1_795/ide/tools/bin/../lib/gcc/arm-none-eabi/7.2.1/../../../../arm-none-eabi/lib/thumb/v6-m\libcr_c.a(_do_fflush.o)
 .ARM.attributes
                0x000004d6       0x31 c:/nxp/mcuxpressoide_10.2.1_795/ide/tools/bin/../lib/gcc/arm-none-eabi/7.2.1/../../../../arm-none-eabi/lib/thumb/v6-m\libcr_c.a(_fflush.o)
 .ARM.attributes
                0x00000507       0x31 c:/nxp/mcuxpressoide_10.2.1_795/ide/tools/bin/../lib/gcc/arm-none-eabi/7.2.1/../../../../arm-none-eabi/lib/thumb/v6-m\libcr_c.a(_writebuf.o)
 .ARM.attributes
                0x00000538       0x31 c:/nxp/mcuxpressoide_10.2.1_795/ide/tools/bin/../lib/gcc/arm-none-eabi/7.2.1/../../../../arm-none-eabi/lib/thumb/v6-m\libcr_c.a(alloc.o)
 .ARM.attributes
                0x00000569       0x31 c:/nxp/mcuxpressoide_10.2.1_795/ide/tools/bin/../lib/gcc/arm-none-eabi/7.2.1/../../../../arm-none-eabi/lib/thumb/v6-m\libcr_c.a(errno.o)
 .ARM.attributes
                0x0000059a       0x31 c:/nxp/mcuxpressoide_10.2.1_795/ide/tools/bin/../lib/gcc/arm-none-eabi/7.2.1/../../../../arm-none-eabi/lib/thumb/v6-m\libcr_c.a(_deferredlazyseek.o)
 .ARM.attributes
                0x000005cb       0x21 c:/nxp/mcuxpressoide_10.2.1_795/ide/tools/bin/../lib/gcc/arm-none-eabi/7.2.1/thumb/v6-m\libcr_eabihelpers.a(division_32.o)
 .ARM.attributes
                0x000005ec       0x21 c:/nxp/mcuxpressoide_10.2.1_795/ide/tools/bin/../lib/gcc/arm-none-eabi/7.2.1/thumb/v6-m\libcr_eabihelpers.a(division_idiv0.o)
 .ARM.attributes
                0x0000060d       0x21 c:/nxp/mcuxpressoide_10.2.1_795/ide/tools/bin/../lib/gcc/arm-none-eabi/7.2.1/thumb/v6-m\libcr_eabihelpers.a(memcpy.o)
 .ARM.attributes
                0x0000062e       0x31 c:/nxp/mcuxpressoide_10.2.1_795/ide/tools/bin/../lib/gcc/arm-none-eabi/7.2.1/../../../../arm-none-eabi/lib/thumb/v6-m\libcr_nohost_nf.a(__ciob.o)
 .ARM.attributes
                0x0000065f       0x31 c:/nxp/mcuxpressoide_10.2.1_795/ide/tools/bin/../lib/gcc/arm-none-eabi/7.2.1/../../../../arm-none-eabi/lib/thumb/v6-m\libcr_nohost_nf.a(__sys_close.o)
 .ARM.attributes
                0x00000690       0x31 c:/nxp/mcuxpressoide_10.2.1_795/ide/tools/bin/../lib/gcc/arm-none-eabi/7.2.1/../../../../arm-none-eabi/lib/thumb/v6-m\libcr_nohost_nf.a(__sys_flen.o)
 .ARM.attributes
                0x000006c1       0x31 c:/nxp/mcuxpressoide_10.2.1_795/ide/tools/bin/../lib/gcc/arm-none-eabi/7.2.1/../../../../arm-none-eabi/lib/thumb/v6-m\libcr_nohost_nf.a(__sys_istty.o)
 .ARM.attributes
                0x000006f2       0x31 c:/nxp/mcuxpressoide_10.2.1_795/ide/tools/bin/../lib/gcc/arm-none-eabi/7.2.1/../../../../arm-none-eabi/lib/thumb/v6-m\libcr_nohost_nf.a(__sys_remove.o)
 .ARM.attributes
                0x00000723       0x31 c:/nxp/mcuxpressoide_10.2.1_795/ide/tools/bin/../lib/gcc/arm-none-eabi/7.2.1/../../../../arm-none-eabi/lib/thumb/v6-m\libcr_nohost_nf.a(__sys_seek.o)
 .ARM.attributes
                0x00000754       0x31 c:/nxp/mcuxpressoide_10.2.1_795/ide/tools/bin/../lib/gcc/arm-none-eabi/7.2.1/../../../../arm-none-eabi/lib/thumb/v6-m\libcr_nohost_nf.a(__sys_tmpnam.o)
 .ARM.attributes
                0x00000785       0x31 c:/nxp/mcuxpressoide_10.2.1_795/ide/tools/bin/../lib/gcc/arm-none-eabi/7.2.1/../../../../arm-none-eabi/lib/thumb/v6-m\libcr_nohost_nf.a(__sys_write.o)

.debug_frame    0x00000000     0x180c
 .debug_frame   0x00000000      0x1f0 ./utilities/fsl_debug_console.o
 .debug_frame   0x000001f0      0x3b0 ./startup/startup_mkl25z4.o
 .debug_frame   0x000005a0       0x70 ./source/hello_world.o
 .debug_frame   0x00000610       0x20 ./source/semihost_hardfault.o
 .debug_frame   0x00000630      0x6e0 ./drivers/fsl_clock.o
 .debug_frame   0x00000d10       0x90 ./drivers/fsl_common.o
 .debug_frame   0x00000da0      0x418 ./drivers/fsl_lpsci.o
 .debug_frame   0x000011b8      0x468 ./drivers/fsl_uart.o
 .debug_frame   0x00001620       0x50 ./board/board.o
 .debug_frame   0x00001670       0xe4 ./board/clock_config.o
 .debug_frame   0x00001754       0x6c ./board/pin_mux.o
 .debug_frame   0x000017c0       0x4c ./CMSIS/system_MKL25Z4.o
